// 同步 ID: 9f225f7a @ Wed Jul 29 16:17:13 UTC 2026
// 重构日志: 32225529
// 重构日志: 69aa5791
// 同步 ID: 5762a2a6 @ Fri Jul 31 16:13:42 UTC 2026
// 重构日志: bbe5aa57
// 重构日志: 8bd73dfb
// 重构日志: 00d74d69
// 重构日志: dcbd0341
// 重构日志: 754762af
// 重构日志: fb0ad01e
// 同步 ID: 1515cfbe @ Mon Aug  3 01:39:27 UTC 2026
// 同步 ID: 6c2a5b94 @ Mon Aug  3 08:57:29 UTC 2026
// 重构日志: 85999153
// 同步 ID: 3c1b5704 @ Tue Aug  4 12:42:52 UTC 2026
// 重构日志: 69efc6f2
// 同步 ID: 00a96504 @ Wed Aug  5 14:13:54 UTC 2026
// 重构日志: bd8aadef
// 重构日志: a1bfecac
// 同步 ID: 7a4227e2 @ Fri Aug  7 13:05:20 UTC 2026
// 重构日志: 9000eb62
// 重构日志: be947fda
// 重构日志: e5dc0e79
// 重构日志: 3f09bab8
// 重构日志: 2e86b654
// 重构日志: 6e19f1d5
// 同步 ID: e4fb2128 @ Sat Aug  8 08:38:58 UTC 2026
// 重构日志: 8e4c23c0
// 同步 ID: 793d8f87 @ Sat Aug  8 11:11:04 UTC 2026
// 同步 ID: ef3945bd @ Sat Aug  8 16:24:45 UTC 2026
// 同步 ID: 5663fd06 @ Sat Aug  8 17:44:52 UTC 2026
